$ npm run test:runtime-control

> hi-code@0.6.0-alpha.8 test:runtime-control
> npm run build && node test/runtime-control-tests.mjs


> hi-code@0.6.0-alpha.8 build
> tsc -p renderer/tsconfig.json --noEmit && vite build --config vite.renderer.config.ts && tsc -p tsconfig.json && chmod +x dist/index.js

vite v6.2.6 building for production...
transforming...
✓ 71 modules transformed.
rendering chunks...
computing gzip size...
renderer/generated/hi-code.css                         5.24 kB │ gzip:   1.92 kB
renderer/generated/app-shell.js                      288.98 kB │ gzip:  72.70 kB
renderer/generated/chunks/xterm-runtime-DOnvTC-9.js  414.54 kB │ gzip:  92.86 kB
renderer/generated/chunks/code-editor-oiW-xu-R.js    772.97 kB │ gzip: 232.99 kB
✓ built in 801ms

[runtime-control] authoritative queue ordering
  ✓ steer follow-up runs immediately after the active turn
  ✓ authoritative queue persists failed turns as errors
  ✓ authoritative queue preserves an explicit interruption after the handler returns
  ✓ desktop runtime rethrows handled errors to the authoritative queue

[runtime-control] plan mode tool boundary
Plan mode is read-only; write_file was not executed.
Plan mode is read-only; bash was not executed.
  ✓ plan mode blocks write_file even in yolo
  ✓ plan mode blocks bash before process execution
  ✓ plan denial is emitted as a truthful tool event

[runtime-control] main-process queue and steer service
  ✓ plan prompt is queued with durable execution metadata
  ✓ steer aborts and marks the active runtime before queuing next
  ✓ steer records an event on the interrupted Job

[runtime-control] IPC contract
  ✓ runtime enqueue is available through invoke IPC
  ✓ runtime steer is available through invoke IPC
  ✓ legacy input event remains registered

=== 13 passed, 0 failed ===
