$ npm run test:program

> hi-code@0.6.0-alpha.8 test:program
> node test/program-control-tests.mjs


[program-control] required artifacts
  ✓ docs/program/PROGRAM.md exists and is non-empty
  ✓ docs/program/ARCHITECTURE.md exists and is non-empty
  ✓ docs/adr/README.md exists and is non-empty
  ✓ docs/adr/ADR-0001-program-control-and-evidence.md exists and is non-empty
  ✓ docs/adr/ADR-0002-runtime-protocol-authority-migration.md exists and is non-empty
  ✓ docs/adr/ADR-0003-typed-runtime-stores-and-idempotent-replay.md exists and is non-empty
  ✓ docs/adr/ADR-0004-turn-state-and-conservative-recovery.md exists and is non-empty
  ✓ docs/adr/ADR-0005-supported-electron-line.md exists and is non-empty
  ✓ docs/electron-compatibility.md exists and is non-empty
  ✓ docs/runtime-stores.md exists and is non-empty
  ✓ planning/backlog.json exists and is non-empty
  ✓ planning/release-board.json exists and is non-empty
  ✓ reports/program/status.md exists and is non-empty
  ✓ reports/program/risks.json exists and is non-empty
  ✓ reports/tasks/HC-PROG-100.md exists and is non-empty
  ✓ reports/tasks/HC-QA-101.md exists and is non-empty
  ✓ reports/tasks/HC-RUN-201.md exists and is non-empty
  ✓ reports/tasks/HC-RUN-202.md exists and is non-empty
  ✓ reports/tasks/HC-RUN-203.md exists and is non-empty
  ✓ reports/tasks/HC-PLAT-110.md exists and is non-empty
  ✓ reports/tasks/HC-REL-ALPHA-8.md exists and is non-empty
  ✓ reports/tasks/HC-REL-ALPHA-7.md exists and is non-empty
  ✓ reports/evidence/baseline/manifest.json exists and is non-empty
  ✓ reports/evidence/HC-QA-101/manifest.json exists and is non-empty
  ✓ reports/evidence/HC-RUN-201/manifest.json exists and is non-empty
  ✓ reports/evidence/HC-RUN-202/manifest.json exists and is non-empty
  ✓ reports/evidence/HC-RUN-203/manifest.json exists and is non-empty
  ✓ reports/evidence/HC-REL-ALPHA-7/manifest.json exists and is non-empty
  ✓ reports/evidence/HC-PLAT-110/ci-matrix.json exists and is non-empty
  ✓ reports/evidence/HC-PLAT-110/manifest.json exists and is non-empty
  ✓ reports/evidence/HC-REL-ALPHA-8/manifest.json exists and is non-empty
  ✓ scripts/electron-compatibility.mjs exists and is non-empty
  ✓ scripts/run-electron-builder.mjs exists and is non-empty
  ✓ test/electron-compatibility-tests.mjs exists and is non-empty
  ✓ reports/releases/0.6.0-alpha.7/capability-matrix.md exists and is non-empty
  ✓ reports/releases/0.6.0-alpha.7/migration-report.md exists and is non-empty
  ✓ reports/releases/0.6.0-alpha.7/security-report.md exists and is non-empty
  ✓ reports/releases/0.6.0-alpha.7/e2e-report.md exists and is non-empty
  ✓ reports/releases/0.6.0-alpha.7/known-limitations.md exists and is non-empty
  ✓ reports/releases/0.6.0-alpha.7/release-evidence.md exists and is non-empty
  ✓ reports/releases/0.6.0-alpha.8/capability-matrix.md exists and is non-empty
  ✓ reports/releases/0.6.0-alpha.8/migration-report.md exists and is non-empty
  ✓ reports/releases/0.6.0-alpha.8/security-report.md exists and is non-empty
  ✓ reports/releases/0.6.0-alpha.8/e2e-report.md exists and is non-empty
  ✓ reports/releases/0.6.0-alpha.8/known-limitations.md exists and is non-empty
  ✓ reports/releases/0.6.0-alpha.8/release-evidence.md exists and is non-empty

[program-control] board and evidence contract
  ✓ backlog records immutable source commit
  ✓ HC-PROG-100 is completed
  ✓ release board keeps QA dependency
  ✓ HC-QA-101 is completed with evidence
  ✓ Electron responsive gate passed
  ✓ release board keeps runtime dependency
  ✓ HC-RUN-201 is completed with evidence
  ✓ runtime event sink gate passed
  ✓ HC-RUN-201 completion is reflected in backlog
  ✓ HC-RUN-202 completed only after its dependency and evidence
  ✓ release board records HC-RUN-202 completion
  ✓ runtime store replay gate passed
  ✓ HC-RUN-203 completed only after typed replay acceptance
  ✓ release board records HC-RUN-203 completion
  ✓ turn recovery gate passed
  ✓ turn recovery test is part of the global verification matrix
  ✓ HC-PLAT-110 completed only after its dependency
  ✓ HC-PLAT-110 pins the supported Electron toolchain
  ✓ Electron compatibility contract is part of global verification
  ✓ Electron supported-line gate passed
  ✓ HC-PLAT-110 evidence records every command passing
  ✓ HC-PLAT-110 evidence is captured from its task branch
  ✓ HC-PLAT-110 captured build
  ✓ HC-PLAT-110 captured verify
  ✓ HC-PLAT-110 captured release-check
  ✓ HC-PLAT-110 captured feature-tests
  ✓ HC-PLAT-110 captured electron-compatibility
  ✓ HC-PLAT-110 captured security-tests
  ✓ HC-PLAT-110 captured dod-tests
  ✓ HC-PLAT-110 captured dod-scan
  ✓ HC-PLAT-110 captured production-audit
  ✓ HC-PLAT-110 captured electron-e2e
  ✓ HC-PLAT-110 captured mac-package
  ✓ HC-PLAT-110 captured program-control
  ✓ HC-PLAT-110 captured git-diff-check
  ✓ HC-PLAT-110 build log exists
  ✓ HC-PLAT-110 build log hash matches
  ✓ HC-PLAT-110 verify log exists
  ✓ HC-PLAT-110 verify log hash matches
  ✓ HC-PLAT-110 release-check log exists
  ✓ HC-PLAT-110 release-check log hash matches
  ✓ HC-PLAT-110 feature-tests log exists
  ✓ HC-PLAT-110 feature-tests log hash matches
  ✓ HC-PLAT-110 electron-compatibility log exists
  ✓ HC-PLAT-110 electron-compatibility log hash matches
  ✓ HC-PLAT-110 security-tests log exists
  ✓ HC-PLAT-110 security-tests log hash matches
  ✓ HC-PLAT-110 dod-tests log exists
  ✓ HC-PLAT-110 dod-tests log hash matches
  ✓ HC-PLAT-110 dod-scan log exists
  ✓ HC-PLAT-110 dod-scan log hash matches
  ✓ HC-PLAT-110 production-audit log exists
  ✓ HC-PLAT-110 production-audit log hash matches
  ✓ HC-PLAT-110 electron-e2e log exists
  ✓ HC-PLAT-110 electron-e2e log hash matches
  ✓ HC-PLAT-110 mac-package log exists
  ✓ HC-PLAT-110 mac-package log hash matches
  ✓ HC-PLAT-110 program-control log exists
  ✓ HC-PLAT-110 program-control log hash matches
  ✓ HC-PLAT-110 git-diff-check log exists
  ✓ HC-PLAT-110 git-diff-check log hash matches
  ✓ HC-PLAT-110 ubuntu-latest Electron smoke passed
  ✓ HC-PLAT-110 macos-latest Electron smoke passed
  ✓ HC-PLAT-110 windows-latest Electron smoke passed
  ✓ HC-REL-ALPHA-8 completed only after all candidate dependencies
  ✓ HC-UI-301 is dependency-ready
  ✓ alpha.8 version is synchronized
  ✓ alpha.8 release candidate gate passed
  ✓ historical alpha.7 release candidate gate remains passed
  ✓ risk register has active risks
  ✓ baseline records source commit
  ✓ baseline records every gate passing
  ✓ baseline records no runtime product dirt
  ✓ build log exists
  ✓ build log hash matches
  ✓ verify log exists
  ✓ verify log hash matches
  ✓ release-check log exists
  ✓ release-check log hash matches
  ✓ feature-tests log exists
  ✓ feature-tests log hash matches
  ✓ security-tests log exists
  ✓ security-tests log hash matches
  ✓ dod-tests log exists
  ✓ dod-tests log hash matches
  ✓ dod-scan log exists
  ✓ dod-scan log hash matches
  ✓ production-audit log exists
  ✓ production-audit log hash matches
  ✓ git-diff-check log exists
  ✓ git-diff-check log hash matches
  ✓ HC-QA-101 evidence records every command passing
  ✓ HC-QA-101 build log exists
  ✓ HC-QA-101 build log hash matches
  ✓ HC-QA-101 verify log exists
  ✓ HC-QA-101 verify log hash matches
  ✓ HC-QA-101 release-check log exists
  ✓ HC-QA-101 release-check log hash matches
  ✓ HC-QA-101 feature-tests log exists
  ✓ HC-QA-101 feature-tests log hash matches
  ✓ HC-QA-101 security-tests log exists
  ✓ HC-QA-101 security-tests log hash matches
  ✓ HC-QA-101 dod-tests log exists
  ✓ HC-QA-101 dod-tests log hash matches
  ✓ HC-QA-101 dod-scan log exists
  ✓ HC-QA-101 dod-scan log hash matches
  ✓ HC-QA-101 production-audit log exists
  ✓ HC-QA-101 production-audit log hash matches
  ✓ HC-QA-101 electron-e2e log exists
  ✓ HC-QA-101 electron-e2e log hash matches
  ✓ HC-QA-101 git-diff-check log exists
  ✓ HC-QA-101 git-diff-check log hash matches
  ✓ HC-RUN-201 evidence records every command passing
  ✓ HC-RUN-201 evidence is captured from its task branch
  ✓ HC-RUN-201 captured build
  ✓ HC-RUN-201 captured verify
  ✓ HC-RUN-201 captured release-check
  ✓ HC-RUN-201 captured feature-tests
  ✓ HC-RUN-201 captured runtime-events
  ✓ HC-RUN-201 captured runtime-concurrency
  ✓ HC-RUN-201 captured runtime-clients
  ✓ HC-RUN-201 captured security-tests
  ✓ HC-RUN-201 captured dod-tests
  ✓ HC-RUN-201 captured dod-scan
  ✓ HC-RUN-201 captured production-audit
  ✓ HC-RUN-201 captured electron-e2e
  ✓ HC-RUN-201 captured git-diff-check
  ✓ HC-RUN-201 build log exists
  ✓ HC-RUN-201 build log hash matches
  ✓ HC-RUN-201 verify log exists
  ✓ HC-RUN-201 verify log hash matches
  ✓ HC-RUN-201 release-check log exists
  ✓ HC-RUN-201 release-check log hash matches
  ✓ HC-RUN-201 feature-tests log exists
  ✓ HC-RUN-201 feature-tests log hash matches
  ✓ HC-RUN-201 runtime-events log exists
  ✓ HC-RUN-201 runtime-events log hash matches
  ✓ HC-RUN-201 runtime-concurrency log exists
  ✓ HC-RUN-201 runtime-concurrency log hash matches
  ✓ HC-RUN-201 runtime-clients log exists
  ✓ HC-RUN-201 runtime-clients log hash matches
  ✓ HC-RUN-201 security-tests log exists
  ✓ HC-RUN-201 security-tests log hash matches
  ✓ HC-RUN-201 dod-tests log exists
  ✓ HC-RUN-201 dod-tests log hash matches
  ✓ HC-RUN-201 dod-scan log exists
  ✓ HC-RUN-201 dod-scan log hash matches
  ✓ HC-RUN-201 production-audit log exists
  ✓ HC-RUN-201 production-audit log hash matches
  ✓ HC-RUN-201 electron-e2e log exists
  ✓ HC-RUN-201 electron-e2e log hash matches
  ✓ HC-RUN-201 git-diff-check log exists
  ✓ HC-RUN-201 git-diff-check log hash matches
  ✓ HC-RUN-202 evidence records every command passing
  ✓ HC-RUN-202 evidence is captured from its task branch
  ✓ HC-RUN-202 captured build
  ✓ HC-RUN-202 captured verify
  ✓ HC-RUN-202 captured release-check
  ✓ HC-RUN-202 captured feature-tests
  ✓ HC-RUN-202 captured runtime-protocol
  ✓ HC-RUN-202 captured runtime-stores
  ✓ HC-RUN-202 captured runtime-store-integration
  ✓ HC-RUN-202 captured runtime-events
  ✓ HC-RUN-202 captured runtime-concurrency
  ✓ HC-RUN-202 captured runtime-clients
  ✓ HC-RUN-202 captured security-tests
  ✓ HC-RUN-202 captured dod-tests
  ✓ HC-RUN-202 captured dod-scan
  ✓ HC-RUN-202 captured production-audit
  ✓ HC-RUN-202 captured electron-e2e
  ✓ HC-RUN-202 captured git-diff-check
  ✓ HC-RUN-202 build log exists
  ✓ HC-RUN-202 build log hash matches
  ✓ HC-RUN-202 verify log exists
  ✓ HC-RUN-202 verify log hash matches
  ✓ HC-RUN-202 release-check log exists
  ✓ HC-RUN-202 release-check log hash matches
  ✓ HC-RUN-202 feature-tests log exists
  ✓ HC-RUN-202 feature-tests log hash matches
  ✓ HC-RUN-202 runtime-protocol log exists
  ✓ HC-RUN-202 runtime-protocol log hash matches
  ✓ HC-RUN-202 runtime-stores log exists
  ✓ HC-RUN-202 runtime-stores log hash matches
  ✓ HC-RUN-202 runtime-store-integration log exists
  ✓ HC-RUN-202 runtime-store-integration log hash matches
  ✓ HC-RUN-202 runtime-events log exists
  ✓ HC-RUN-202 runtime-events log hash matches
  ✓ HC-RUN-202 runtime-concurrency log exists
  ✓ HC-RUN-202 runtime-concurrency log hash matches
  ✓ HC-RUN-202 runtime-clients log exists
  ✓ HC-RUN-202 runtime-clients log hash matches
  ✓ HC-RUN-202 security-tests log exists
  ✓ HC-RUN-202 security-tests log hash matches
  ✓ HC-RUN-202 dod-tests log exists
  ✓ HC-RUN-202 dod-tests log hash matches
  ✓ HC-RUN-202 dod-scan log exists
  ✓ HC-RUN-202 dod-scan log hash matches
  ✓ HC-RUN-202 production-audit log exists
  ✓ HC-RUN-202 production-audit log hash matches
  ✓ HC-RUN-202 electron-e2e log exists
  ✓ HC-RUN-202 electron-e2e log hash matches
  ✓ HC-RUN-202 git-diff-check log exists
  ✓ HC-RUN-202 git-diff-check log hash matches
  ✓ HC-RUN-203 evidence records every command passing
  ✓ HC-RUN-203 evidence is captured from its task branch
  ✓ HC-RUN-203 captured build
  ✓ HC-RUN-203 captured verify
  ✓ HC-RUN-203 captured release-check
  ✓ HC-RUN-203 captured feature-tests
  ✓ HC-RUN-203 captured runtime-protocol
  ✓ HC-RUN-203 captured runtime-stores
  ✓ HC-RUN-203 captured runtime-store-integration
  ✓ HC-RUN-203 captured turn-recovery
  ✓ HC-RUN-203 captured runtime-events
  ✓ HC-RUN-203 captured runtime-concurrency
  ✓ HC-RUN-203 captured runtime-clients
  ✓ HC-RUN-203 captured renderer-tests
  ✓ HC-RUN-203 captured security-tests
  ✓ HC-RUN-203 captured dod-tests
  ✓ HC-RUN-203 captured dod-scan
  ✓ HC-RUN-203 captured production-audit
  ✓ HC-RUN-203 captured electron-e2e
  ✓ HC-RUN-203 captured git-diff-check
  ✓ HC-RUN-203 build log exists
  ✓ HC-RUN-203 build log hash matches
  ✓ HC-RUN-203 verify log exists
  ✓ HC-RUN-203 verify log hash matches
  ✓ HC-RUN-203 release-check log exists
  ✓ HC-RUN-203 release-check log hash matches
  ✓ HC-RUN-203 feature-tests log exists
  ✓ HC-RUN-203 feature-tests log hash matches
  ✓ HC-RUN-203 runtime-protocol log exists
  ✓ HC-RUN-203 runtime-protocol log hash matches
  ✓ HC-RUN-203 runtime-stores log exists
  ✓ HC-RUN-203 runtime-stores log hash matches
  ✓ HC-RUN-203 runtime-store-integration log exists
  ✓ HC-RUN-203 runtime-store-integration log hash matches
  ✓ HC-RUN-203 turn-recovery log exists
  ✓ HC-RUN-203 turn-recovery log hash matches
  ✓ HC-RUN-203 runtime-events log exists
  ✓ HC-RUN-203 runtime-events log hash matches
  ✓ HC-RUN-203 runtime-concurrency log exists
  ✓ HC-RUN-203 runtime-concurrency log hash matches
  ✓ HC-RUN-203 runtime-clients log exists
  ✓ HC-RUN-203 runtime-clients log hash matches
  ✓ HC-RUN-203 renderer-tests log exists
  ✓ HC-RUN-203 renderer-tests log hash matches
  ✓ HC-RUN-203 security-tests log exists
  ✓ HC-RUN-203 security-tests log hash matches
  ✓ HC-RUN-203 dod-tests log exists
  ✓ HC-RUN-203 dod-tests log hash matches
  ✓ HC-RUN-203 dod-scan log exists
  ✓ HC-RUN-203 dod-scan log hash matches
  ✓ HC-RUN-203 production-audit log exists
  ✓ HC-RUN-203 production-audit log hash matches
  ✓ HC-RUN-203 electron-e2e log exists
  ✓ HC-RUN-203 electron-e2e log hash matches
  ✓ HC-RUN-203 git-diff-check log exists
  ✓ HC-RUN-203 git-diff-check log hash matches
  ✓ alpha.7 evidence records every command passing
  ✓ alpha.7 evidence is captured from its release branch
  ✓ alpha.7 captured build
  ✓ alpha.7 captured verify
  ✓ alpha.7 captured release-check
  ✓ alpha.7 captured feature-tests
  ✓ alpha.7 captured security-tests
  ✓ alpha.7 captured dod-tests
  ✓ alpha.7 captured dod-scan
  ✓ alpha.7 captured production-audit
  ✓ alpha.7 captured electron-e2e
  ✓ alpha.7 captured program-control
  ✓ alpha.7 captured git-diff-check
  ✓ alpha.7 build log exists
  ✓ alpha.7 build log hash matches
  ✓ alpha.7 verify log exists
  ✓ alpha.7 verify log hash matches
  ✓ alpha.7 release-check log exists
  ✓ alpha.7 release-check log hash matches
  ✓ alpha.7 feature-tests log exists
  ✓ alpha.7 feature-tests log hash matches
  ✓ alpha.7 security-tests log exists
  ✓ alpha.7 security-tests log hash matches
  ✓ alpha.7 dod-tests log exists
  ✓ alpha.7 dod-tests log hash matches
  ✓ alpha.7 dod-scan log exists
  ✓ alpha.7 dod-scan log hash matches
  ✓ alpha.7 production-audit log exists
  ✓ alpha.7 production-audit log hash matches
  ✓ alpha.7 electron-e2e log exists
  ✓ alpha.7 electron-e2e log hash matches
  ✓ alpha.7 program-control log exists
  ✓ alpha.7 program-control log hash matches
  ✓ alpha.7 git-diff-check log exists
  ✓ alpha.7 git-diff-check log hash matches
  ✓ alpha.7 capability report does not claim event-only resume
  ✓ alpha.8 capability report claims only evidence-backed event reconstruction
  ✓ alpha.8 limitations keep signing outside the candidate
  ✓ alpha.8 evidence records every command passing
  ✓ alpha.8 evidence is captured from its release branch
  ✓ alpha.8 captured build
  ✓ alpha.8 captured verify
  ✓ alpha.8 captured release-check
  ✓ alpha.8 captured feature-tests
  ✓ alpha.8 captured electron-compatibility
  ✓ alpha.8 captured security-tests
  ✓ alpha.8 captured dod-tests
  ✓ alpha.8 captured dod-scan
  ✓ alpha.8 captured production-audit
  ✓ alpha.8 captured electron-e2e
  ✓ alpha.8 captured mac-package
  ✓ alpha.8 captured program-control
  ✓ alpha.8 captured git-diff-check
  ✓ alpha.8 build log exists
  ✓ alpha.8 build log hash matches
  ✓ alpha.8 verify log exists
  ✓ alpha.8 verify log hash matches
  ✓ alpha.8 release-check log exists
  ✓ alpha.8 release-check log hash matches
  ✓ alpha.8 feature-tests log exists
  ✓ alpha.8 feature-tests log hash matches
  ✓ alpha.8 electron-compatibility log exists
  ✓ alpha.8 electron-compatibility log hash matches
  ✓ alpha.8 security-tests log exists
  ✓ alpha.8 security-tests log hash matches
  ✓ alpha.8 dod-tests log exists
  ✓ alpha.8 dod-tests log hash matches
  ✓ alpha.8 dod-scan log exists
  ✓ alpha.8 dod-scan log hash matches
  ✓ alpha.8 production-audit log exists
  ✓ alpha.8 production-audit log hash matches
  ✓ alpha.8 electron-e2e log exists
  ✓ alpha.8 electron-e2e log hash matches
  ✓ alpha.8 mac-package log exists
  ✓ alpha.8 mac-package log hash matches
  ✓ alpha.8 program-control log exists
  ✓ alpha.8 program-control log hash matches
  ✓ alpha.8 git-diff-check log exists
  ✓ alpha.8 git-diff-check log hash matches
  ✓ historical final acceptance is explicitly named
  ✓ unmarked final acceptance path is absent
  ✓ audit archive policy is present
  ✓ production audit is package-manager independent

[program-control] production audit helpers
  ✓ production audit includes production packages
  ✓ production audit excludes development packages
  ✓ production audit preserves scoped transitive packages
  ✓ high audit threshold blocks high advisories
  ✓ production audit rejects insecure registry

=== 393 passed, 0 failed ===
