$ npm run test:electron-e2e

> hi-code@0.6.0-alpha.8 test:electron-e2e
> node tests/electron-e2e/run.mjs


[electron-e2e] real Electron smoke
  ✓ launches the real local Electron renderer
  ✓ runs the pinned Electron, Chromium, and Node baseline
  ✓ isolates user data and excludes parent-process secrets
  ✓ streams a desktop turn with the compatibility stdout bridge disabled
  ✓ 720px layout keeps the brand visible without horizontal overflow
  ✓ 1024px layout keeps the brand visible without horizontal overflow
  ✓ 1440px layout keeps the brand visible without horizontal overflow
  ✓ 1920px layout keeps the brand visible without horizontal overflow
  ✓ 720px core navigation and settings remain reachable
  ✓ 1024px core navigation and settings remain reachable
  ✓ 1440px core navigation and settings remain reachable
  ✓ 1920px core navigation and settings remain reachable
  ✓ typed App Shell controls legacy panels at compact width
  ✓ responsive timeline and diff panels have real drawer access
  ✓ long transcripts stay bounded and session keyboard navigation remains usable
  ✓ CodeMirror opens edits saves reloads and refuses stale disk writes
  ✓ diff review comment enters the real Runtime revision loop
  ✓ renderer produced no uncaught page errors
  ✓ blocks untrusted renderer navigation and new windows
