$ npm run test:secret-store

> hi-code@0.6.0-alpha.8 test:secret-store
> npm run build && node test/secret-store-service-tests.mjs


> hi-code@0.6.0-alpha.8 build
> tsc -p renderer/tsconfig.json --noEmit && vite build --config vite.renderer.config.ts && tsc -p tsconfig.json && chmod +x dist/index.js

vite v6.2.6 building for production...
transforming...
✓ 71 modules transformed.
rendering chunks...
computing gzip size...
renderer/generated/hi-code.css                         5.24 kB │ gzip:   1.92 kB
renderer/generated/app-shell.js                      288.98 kB │ gzip:  72.70 kB
renderer/generated/chunks/xterm-runtime-DOnvTC-9.js  414.54 kB │ gzip:  92.86 kB
renderer/generated/chunks/code-editor-oiW-xu-R.js    772.97 kB │ gzip: 232.99 kB
✓ built in 751ms
  ✓ secure storage rejects unavailable and Linux basic_text backends
  ✓ config persistence replaces plaintext with secretRef records
  ✓ encrypted vault resolves values without containing plaintext
  ✓ credential status exposes references and booleans but no values
  ✓ rotating a credential preserves its reference and replaces encrypted content
  ✓ logs contain counts and references only, never plaintext or ciphertext
  ✓ legacy migration is atomic, encrypted, and journaled without secrets
  ✓ migration rollback restores exact config bytes and prior secret entries
  ✓ unavailable storage leaves legacy bytes unchanged and renderer reads stay redacted
  ✓ config write failure restores both original config and vault
  ✓ corrupt vault data fails closed

11 Electron secret store checks passed.
